#-----------------------------------------------------------
# xsim v2022.1 (64-bit)
# SW Build 3526262 on Mon Apr 18 15:48:16 MDT 2022
# IP Build 3524634 on Mon Apr 18 20:55:01 MDT 2022
# Start of session at: Sun Nov 13 21:51:17 2022
# Process ID: 7376
# Current directory: D:/Documents/HLS/LabC/cordic_orig-20221113T132330Z-001/cordic_orig/CORDIC_original/solution1/sim/verilog
# Command line: xsim.exe -mode tcl -source {xsim.dir/cordiccart2pol/xsim_script.tcl}
# Log file: D:/Documents/HLS/LabC/cordic_orig-20221113T132330Z-001/cordic_orig/CORDIC_original/solution1/sim/verilog/xsim.log
# Journal file: D:/Documents/HLS/LabC/cordic_orig-20221113T132330Z-001/cordic_orig/CORDIC_original/solution1/sim/verilog\xsim.jou
# Running On: LAPTOP-P5G6NA7F, OS: Windows, CPU Frequency: 2304 MHz, CPU Physical cores: 8, Host memory: 16931 MB
#-----------------------------------------------------------
source xsim.dir/cordiccart2pol/xsim_script.tcl
open_wave_config cordiccart2pol_dataflow_ana.wcfg
source cordiccart2pol.tcl
